pipex: main: Usage: ./pipex file1 cmd1 cmd2 file2
